
Finished

Finished

Finished

Finished
Called: 0.419856280153
Called: 0.0855397105245

Finished

Finished

Finished
Called: 0.419856280153
Called: 0.863853227053
Called: 0.0855397105245
Called: 0.863853227053
